=== Batch 5x10m task_918 (HEAD 3e8d529) started 2026-09-03T02:08:04+02:00 ===
[1/5] seed=12345 start=2026-09-03T02:08:04+02:00
[seed 12345] t=60s/600s wall=66s pop=913
[seed 12345] t=120s/600s wall=125s pop=913
[seed 12345] t=180s/600s wall=181s pop=913
[seed 12345] t=240s/600s wall=237s pop=913
[seed 12345] t=300s/600s wall=294s pop=913
[seed 12345] t=360s/600s wall=360s pop=1021
[seed 12345] t=420s/600s wall=437s pop=1205
[seed 12345] t=480s/600s wall=530s pop=1451
[seed 12345] t=540s/600s wall=641s pop=1739
[1/5] seed=12345 done=2026-09-03T02:20:56+02:00
[2/5] seed=20264 start=2026-09-03T02:20:56+02:00
[seed 20264] t=60s/600s wall=68s pop=913
[seed 20264] t=120s/600s wall=127s pop=913
[seed 20264] t=180s/600s wall=184s pop=913
[seed 20264] t=240s/600s wall=240s pop=913
[seed 20264] t=300s/600s wall=299s pop=913
[seed 20264] t=360s/600s wall=363s pop=968
[seed 20264] t=420s/600s wall=437s pop=1138
[seed 20264] t=480s/600s wall=526s pop=1363
[seed 20264] t=540s/600s wall=642s pop=1614
[2/5] seed=20264 done=2026-09-03T02:33:30+02:00
[3/5] seed=28183 start=2026-09-03T02:33:30+02:00
[seed 28183] t=60s/600s wall=63s pop=1050
[seed 28183] t=120s/600s wall=119s pop=913
[seed 28183] t=180s/600s wall=173s pop=913
[seed 28183] t=240s/600s wall=225s pop=913
[seed 28183] t=300s/600s wall=281s pop=926
[seed 28183] t=360s/600s wall=342s pop=1071
[seed 28183] t=420s/600s wall=417s pop=1282
[seed 28183] t=480s/600s wall=507s pop=1579
[seed 28183] t=540s/600s wall=615s pop=1886
[3/5] seed=28183 done=2026-09-03T02:45:52+02:00
[4/5] seed=36102 start=2026-09-03T02:45:52+02:00
[seed 36102] t=60s/600s wall=60s pop=913
[seed 36102] t=120s/600s wall=114s pop=913
[seed 36102] t=180s/600s wall=165s pop=913
[seed 36102] t=240s/600s wall=216s pop=913
[seed 36102] t=300s/600s wall=270s pop=913
[seed 36102] t=360s/600s wall=330s pop=1013
[seed 36102] t=420s/600s wall=401s pop=1207
[seed 36102] t=480s/600s wall=485s pop=1443
[seed 36102] t=540s/600s wall=586s pop=1721
[4/5] seed=36102 done=2026-09-03T02:57:35+02:00
[5/5] seed=44021 start=2026-09-03T02:57:35+02:00
[seed 44021] t=60s/600s wall=61s pop=913
[seed 44021] t=120s/600s wall=115s pop=913
[seed 44021] t=180s/600s wall=168s pop=913
[seed 44021] t=240s/600s wall=219s pop=913
[seed 44021] t=300s/600s wall=273s pop=913
[seed 44021] t=360s/600s wall=333s pop=1001
[seed 44021] t=420s/600s wall=403s pop=1175
[seed 44021] t=480s/600s wall=515s pop=1417
[seed 44021] t=540s/600s wall=643s pop=1690
[5/5] seed=44021 done=2026-09-03T03:10:34+02:00
=== batch done 2026-09-03T03:10:34+02:00 ===
