ON batch finished (20 results). Starting OFF.
=== Batch 20x30m OFF started 2026-08-18T20:51:26+02:00 ===
[1/20] seed=12345 start=2026-08-18T20:51:26+02:00
[1/20] seed=12345 done=2026-08-18T21:37:02+02:00
[2/20] seed=20264 start=2026-08-18T21:37:02+02:00
[2/20] seed=20264 done=2026-08-18T22:23:00+02:00
[3/20] seed=28183 start=2026-08-18T22:23:00+02:00
[3/20] seed=28183 done=2026-08-18T23:09:35+02:00
[4/20] seed=36102 start=2026-08-18T23:09:35+02:00
[4/20] seed=36102 done=2026-08-18T23:54:23+02:00
[5/20] seed=44021 start=2026-08-18T23:54:23+02:00
[5/20] seed=44021 done=2026-08-19T00:39:55+02:00
[6/20] seed=51940 start=2026-08-19T00:39:55+02:00
ON batch finished (20 results). Starting OFF.
=== Batch 20x30m OFF started 2026-08-19T02:12:33+02:00 ===
[1/20] seed=12345 start=2026-08-19T02:12:33+02:00
[1/20] seed=12345 done=2026-08-19T02:58:24+02:00
[2/20] seed=20264 start=2026-08-19T02:58:24+02:00
[2/20] seed=20264 done=2026-08-19T03:44:01+02:00
[3/20] seed=28183 start=2026-08-19T03:44:01+02:00
[3/20] seed=28183 done=2026-08-19T04:29:42+02:00
[4/20] seed=36102 start=2026-08-19T04:29:42+02:00
[4/20] seed=36102 done=2026-08-19T05:16:29+02:00
[5/20] seed=44021 start=2026-08-19T05:16:29+02:00
[5/20] seed=44021 done=2026-08-19T06:01:40+02:00
[6/20] seed=51940 start=2026-08-19T06:01:40+02:00
[6/20] seed=51940 done=2026-08-19T06:46:55+02:00
[7/20] seed=59859 start=2026-08-19T06:46:55+02:00
[7/20] seed=59859 done=2026-08-19T07:31:34+02:00
[8/20] seed=67778 start=2026-08-19T07:31:34+02:00
[8/20] seed=67778 done=2026-08-19T08:17:03+02:00
[9/20] seed=75697 start=2026-08-19T08:17:03+02:00
[9/20] seed=75697 done=2026-08-19T08:57:44+02:00
[10/20] seed=83616 start=2026-08-19T08:57:44+02:00
[10/20] seed=83616 done=2026-08-19T09:35:02+02:00
[11/20] seed=91535 start=2026-08-19T09:35:02+02:00
[11/20] seed=91535 done=2026-08-19T10:13:38+02:00
[12/20] seed=99454 start=2026-08-19T10:13:38+02:00
[12/20] seed=99454 done=2026-08-19T10:52:06+02:00
[13/20] seed=107373 start=2026-08-19T10:52:06+02:00
[13/20] seed=107373 done=2026-08-19T11:30:10+02:00
[14/20] seed=115292 start=2026-08-19T11:30:10+02:00
[14/20] seed=115292 done=2026-08-19T12:08:20+02:00
[15/20] seed=123211 start=2026-08-19T12:08:20+02:00
[15/20] seed=123211 done=2026-08-19T12:46:34+02:00
[16/20] seed=131130 start=2026-08-19T12:46:34+02:00
[16/20] seed=131130 done=2026-08-19T13:24:54+02:00
[17/20] seed=139049 start=2026-08-19T13:24:54+02:00
[17/20] seed=139049 done=2026-08-19T14:02:56+02:00
[18/20] seed=146968 start=2026-08-19T14:02:56+02:00
[18/20] seed=146968 done=2026-08-19T14:40:49+02:00
[19/20] seed=154887 start=2026-08-19T14:40:49+02:00
[19/20] seed=154887 done=2026-08-19T15:18:18+02:00
[20/20] seed=162806 start=2026-08-19T15:18:18+02:00
[20/20] seed=162806 done=2026-08-19T15:57:26+02:00
=== Batch 20x30m OFF finished 2026-08-19T15:57:26+02:00 ===
