=== phase2 start 2026-08-22T02:11:28+02:00 git=15db457 ===
[cc seed=12345 dur=5m] start=2026-08-22T02:11:28+02:00
[seed 12345] t=60s/300s wall=51s pop=913
[seed 12345] t=120s/300s wall=100s pop=913
[seed 12345] t=180s/300s wall=152s pop=913
[seed 12345] t=240s/300s wall=203s pop=913
[cc seed=12345] done=2026-08-22T02:15:50+02:00
[oc seed=12345 dur=5m] start=2026-08-22T02:15:50+02:00
[seed 12345] t=60s/300s wall=77s pop=1050
[seed 12345] t=120s/300s wall=159s pop=1050
[seed 12345] t=180s/300s wall=254s pop=1050
[seed 12345] t=240s/300s wall=347s pop=1050
[oc seed=12345] done=2026-08-22T02:23:15+02:00
[oo seed=12345 dur=5m] start=2026-08-22T02:23:15+02:00
[seed 12345] t=60s/300s wall=61s pop=1050
[seed 12345] t=120s/300s wall=131s pop=1050
[seed 12345] t=180s/300s wall=213s pop=1050
[seed 12345] t=240s/300s wall=308s pop=1050
[oo seed=12345] done=2026-08-22T02:30:11+02:00
[cc seed=20264 dur=5m] start=2026-08-22T02:30:11+02:00
[seed 20264] t=60s/300s wall=50s pop=913
[seed 20264] t=120s/300s wall=94s pop=913
[seed 20264] t=180s/300s wall=137s pop=793
[seed 20264] t=240s/300s wall=179s pop=810
[cc seed=20264] done=2026-08-22T02:33:56+02:00
[oc seed=20264 dur=5m] start=2026-08-22T02:33:56+02:00
[seed 20264] t=60s/300s wall=59s pop=1050
[seed 20264] t=120s/300s wall=124s pop=1050
[seed 20264] t=180s/300s wall=196s pop=1050
[seed 20264] t=240s/300s wall=276s pop=1050
[oc seed=20264] done=2026-08-22T02:40:09+02:00
[oo seed=20264 dur=5m] start=2026-08-22T02:40:09+02:00
[seed 20264] t=60s/300s wall=61s pop=1050
[seed 20264] t=120s/300s wall=129s pop=1050
[seed 20264] t=180s/300s wall=208s pop=1050
[seed 20264] t=240s/300s wall=300s pop=1050
[oo seed=20264] done=2026-08-22T02:46:57+02:00
[oc seed=28183 dur=5m] start=2026-08-22T02:46:57+02:00
[seed 28183] t=60s/300s wall=59s pop=1050
[seed 28183] t=120s/300s wall=125s pop=1050
[seed 28183] t=180s/300s wall=200s pop=1050
[seed 28183] t=240s/300s wall=281s pop=1068
[oc seed=28183] done=2026-08-22T02:53:14+02:00
[oo seed=28183 dur=5m] start=2026-08-22T02:53:14+02:00
[seed 28183] t=60s/300s wall=60s pop=1050
[seed 28183] t=120s/300s wall=127s pop=1050
[seed 28183] t=180s/300s wall=205s pop=1050
[seed 28183] t=240s/300s wall=291s pop=1059
[oo seed=28183] done=2026-08-22T02:59:48+02:00
[oc seed=36102 dur=5m] start=2026-08-22T02:59:48+02:00
[seed 36102] t=60s/300s wall=82s pop=1050
[seed 36102] t=120s/300s wall=160s pop=1050
[seed 36102] t=180s/300s wall=240s pop=1050
[seed 36102] t=240s/300s wall=325s pop=1050
[oc seed=36102] done=2026-08-22T03:06:53+02:00
[oo seed=36102 dur=5m] start=2026-08-22T03:06:53+02:00
[seed 36102] t=60s/300s wall=61s pop=1050
[seed 36102] t=120s/300s wall=128s pop=1050
[seed 36102] t=180s/300s wall=207s pop=1050
[seed 36102] t=240s/300s wall=297s pop=1050
[oo seed=36102] done=2026-08-22T03:13:35+02:00
=== smoke done 2026-08-22T03:13:35+02:00 ===
[oo seed=12345 dur=30m] start=2026-08-22T03:13:35+02:00
[seed 12345] t=60s/1800s wall=60s pop=1050
[seed 12345] t=120s/1800s wall=133s pop=1050
[seed 12345] t=180s/1800s wall=216s pop=1050
[seed 12345] t=240s/1800s wall=309s pop=1050
[seed 12345] t=300s/1800s wall=417s pop=1197
[seed 12345] t=360s/1800s wall=547s pop=1437
[seed 12345] t=420s/1800s wall=706s pop=1758
[seed 12345] t=480s/1800s wall=898s pop=2123
[seed 12345] t=540s/1800s wall=1126s pop=2438
[seed 12345] t=600s/1800s wall=1383s pop=2668
[seed 12345] t=660s/1800s wall=1678s pop=2761
[seed 12345] t=720s/1800s wall=1992s pop=2811
[seed 12345] t=780s/1800s wall=2339s pop=2830
[seed 12345] t=840s/1800s wall=2729s pop=2830
[seed 12345] t=900s/1800s wall=3190s pop=2830
[seed 12345] t=960s/1800s wall=3729s pop=2830
[seed 12345] t=1020s/1800s wall=4384s pop=2460
[seed 12345] t=1080s/1800s wall=5154s pop=2460
[seed 12345] t=1140s/1800s wall=5986s pop=2460
[seed 12345] t=1200s/1800s wall=6912s pop=2460
[seed 12345] t=1260s/1800s wall=7903s pop=2460
[seed 12345] t=1320s/1800s wall=8961s pop=2460
[seed 12345] t=1380s/1800s wall=10057s pop=2483
[seed 12345] t=1440s/1800s wall=11177s pop=2531
[seed 12345] t=1500s/1800s wall=12310s pop=2583
[seed 12345] t=1560s/1800s wall=13486s pop=2647
[seed 12345] t=1620s/1800s wall=14701s pop=2699
[seed 12345] t=1680s/1800s wall=15943s pop=2739
[seed 12345] t=1740s/1800s wall=17201s pop=2758
