=== Batch pareado 5x10m OFF/ON spike pred-ambush started 2026-08-28T02:32:58+02:00 ===
[off 1/5] seed=12345 start=2026-08-28T02:32:58+02:00
[off 1/5] seed=12345 done=2026-08-28T02:45:04+02:00
[off 2/5] seed=20264 start=2026-08-28T02:45:04+02:00
[off 2/5] seed=20264 done=2026-08-28T02:55:58+02:00
[off 3/5] seed=28183 start=2026-08-28T02:55:58+02:00
[off 3/5] seed=28183 done=2026-08-28T03:08:42+02:00
[off 4/5] seed=36102 start=2026-08-28T03:08:42+02:00
[off 4/5] seed=36102 done=2026-08-28T03:19:57+02:00
[off 5/5] seed=44021 start=2026-08-28T03:19:57+02:00
[off 5/5] seed=44021 done=2026-08-28T03:31:02+02:00
[on 1/5] seed=12345 start=2026-08-28T03:31:02+02:00
[on 1/5] seed=12345 done=2026-08-28T03:42:21+02:00
[on 2/5] seed=20264 start=2026-08-28T03:42:21+02:00
[on 2/5] seed=20264 done=2026-08-28T03:53:19+02:00
[on 3/5] seed=28183 start=2026-08-28T03:53:19+02:00
[on 3/5] seed=28183 done=2026-08-28T04:05:03+02:00
[on 4/5] seed=36102 start=2026-08-28T04:05:03+02:00
[on 4/5] seed=36102 done=2026-08-28T04:16:16+02:00
[on 5/5] seed=44021 start=2026-08-28T04:16:16+02:00
[on 5/5] seed=44021 done=2026-08-28T04:27:21+02:00
=== Batch finished 2026-08-28T04:27:21+02:00 ===
