=== Batch OFF 5x60m (HEAD 787c115) started 2026-09-06T04:45:54+02:00 ===
[1/5] seed=12345 start=2026-09-06T04:45:54+02:00
[seed 12345] t=60s/3600s wall=61s pop=913
[seed 12345] t=120s/3600s wall=117s pop=913
[seed 12345] t=180s/3600s wall=170s pop=913
[seed 12345] t=240s/3600s wall=222s pop=913
[seed 12345] t=300s/3600s wall=276s pop=913
[seed 12345] t=360s/3600s wall=337s pop=1021
[seed 12345] t=420s/3600s wall=409s pop=1205
[seed 12345] t=480s/3600s wall=494s pop=1451
[seed 12345] t=540s/3600s wall=597s pop=1739
[seed 12345] t=600s/3600s wall=716s pop=1998
[seed 12345] t=660s/3600s wall=851s pop=2179
[seed 12345] t=720s/3600s wall=998s pop=2268
[seed 12345] t=780s/3600s wall=1149s pop=2297
[seed 12345] t=840s/3600s wall=1299s pop=2300
[seed 12345] t=900s/3600s wall=1447s pop=2300
[seed 12345] t=960s/3600s wall=1586s pop=2300
[seed 12345] t=1020s/3600s wall=1710s pop=2000
[seed 12345] t=1080s/3600s wall=1827s pop=1739
[seed 12345] t=1140s/3600s wall=1937s pop=1739
[seed 12345] t=1200s/3600s wall=2044s pop=1739
[seed 12345] t=1260s/3600s wall=2149s pop=1739
[seed 12345] t=1320s/3600s wall=2254s pop=1739
[seed 12345] t=1380s/3600s wall=2359s pop=1739
[seed 12345] t=1440s/3600s wall=2465s pop=1739
[seed 12345] t=1500s/3600s wall=2572s pop=1739
[seed 12345] t=1560s/3600s wall=2682s pop=1739
[seed 12345] t=1620s/3600s wall=2792s pop=1739
[seed 12345] t=1680s/3600s wall=2903s pop=1739
[seed 12345] t=1740s/3600s wall=3013s pop=1739
[seed 12345] t=1800s/3600s wall=3126s pop=1757
[seed 12345] t=1860s/3600s wall=3240s pop=1776
[seed 12345] t=1920s/3600s wall=3355s pop=1789
[seed 12345] t=1981s/3600s wall=3471s pop=1795
[seed 12345] t=2041s/3600s wall=3590s pop=1799
[seed 12345] t=2101s/3600s wall=3706s pop=1800
[seed 12345] t=2161s/3600s wall=3823s pop=1800
[seed 12345] t=2221s/3600s wall=3938s pop=1800
[seed 12345] t=2281s/3600s wall=4052s pop=1800
[seed 12345] t=2341s/3600s wall=4165s pop=1800
[seed 12345] t=2401s/3600s wall=4276s pop=1800
[seed 12345] t=2461s/3600s wall=4384s pop=1800
[seed 12345] t=2521s/3600s wall=4493s pop=1800
[seed 12345] t=2581s/3600s wall=4608s pop=1800
[seed 12345] t=2641s/3600s wall=4728s pop=1800
[seed 12345] t=2701s/3600s wall=4835s pop=1800
[seed 12345] t=2761s/3600s wall=4942s pop=1800
[seed 12345] t=2821s/3600s wall=5046s pop=1567
[seed 12345] t=2881s/3600s wall=5149s pop=1567
[seed 12345] t=2941s/3600s wall=5251s pop=1567
[seed 12345] t=3001s/3600s wall=5352s pop=1567
[seed 12345] t=3061s/3600s wall=5452s pop=1567
[seed 12345] t=3121s/3600s wall=5550s pop=1567
[seed 12345] t=3181s/3600s wall=5648s pop=1567
[seed 12345] t=3241s/3600s wall=5744s pop=1567
[seed 12345] t=3301s/3600s wall=5839s pop=1567
[seed 12345] t=3361s/3600s wall=5935s pop=1567
[seed 12345] t=3421s/3600s wall=6034s pop=1567
[seed 12345] t=3481s/3600s wall=6134s pop=1587
[seed 12345] t=3541s/3600s wall=6236s pop=1628
[1/5] seed=12345 done=2026-09-06T06:31:34+02:00
[2/5] seed=20264 start=2026-09-06T06:31:34+02:00
[seed 20264] t=60s/3600s wall=60s pop=913
[seed 20264] t=120s/3600s wall=115s pop=913
[seed 20264] t=180s/3600s wall=167s pop=913
[seed 20264] t=240s/3600s wall=218s pop=913
[seed 20264] t=300s/3600s wall=271s pop=913
[seed 20264] t=360s/3600s wall=329s pop=968
[seed 20264] t=420s/3600s wall=396s pop=1138
[seed 20264] t=480s/3600s wall=476s pop=1363
[seed 20264] t=540s/3600s wall=571s pop=1614
[seed 20264] t=600s/3600s wall=685s pop=1846
[seed 20264] t=660s/3600s wall=811s pop=2059
[seed 20264] t=720s/3600s wall=949s pop=2174
[seed 20264] t=780s/3600s wall=1093s pop=2223
[seed 20264] t=840s/3600s wall=1239s pop=2229
[seed 20264] t=900s/3600s wall=1383s pop=2229
[seed 20264] t=960s/3600s wall=1521s pop=2229
[seed 20264] t=1020s/3600s wall=1651s pop=1938
[seed 20264] t=1080s/3600s wall=1773s pop=1938
[seed 20264] t=1140s/3600s wall=1883s pop=1685
[seed 20264] t=1200s/3600s wall=1988s pop=1685
[seed 20264] t=1260s/3600s wall=2091s pop=1685
[seed 20264] t=1320s/3600s wall=2194s pop=1685
[seed 20264] t=1380s/3600s wall=2297s pop=1685
[seed 20264] t=1440s/3600s wall=2399s pop=1685
[seed 20264] t=1500s/3600s wall=2500s pop=1685
[seed 20264] t=1560s/3600s wall=2604s pop=1685
[seed 20264] t=1620s/3600s wall=2709s pop=1685
[seed 20264] t=1680s/3600s wall=2814s pop=1685
[seed 20264] t=1740s/3600s wall=2920s pop=1703
[seed 20264] t=1800s/3600s wall=3029s pop=1723
[seed 20264] t=1860s/3600s wall=3138s pop=1746
[seed 20264] t=1920s/3600s wall=3248s pop=1754
[seed 20264] t=1981s/3600s wall=3358s pop=1762
[seed 20264] t=2041s/3600s wall=3469s pop=1762
[seed 20264] t=2101s/3600s wall=3581s pop=1766
[seed 20264] t=2161s/3600s wall=3693s pop=1766
[seed 20264] t=2221s/3600s wall=3802s pop=1766
[seed 20264] t=2281s/3600s wall=3911s pop=1766
[seed 20264] t=2341s/3600s wall=4021s pop=1766
[seed 20264] t=2401s/3600s wall=4129s pop=1766
[seed 20264] t=2461s/3600s wall=4237s pop=1766
[seed 20264] t=2521s/3600s wall=4344s pop=1766
[seed 20264] t=2581s/3600s wall=4451s pop=1766
[seed 20264] t=2641s/3600s wall=4554s pop=1766
[seed 20264] t=2701s/3600s wall=4659s pop=1766
[seed 20264] t=2761s/3600s wall=4762s pop=1766
[seed 20264] t=2821s/3600s wall=4864s pop=1766
[seed 20264] t=2881s/3600s wall=4965s pop=1537
[seed 20264] t=2941s/3600s wall=5065s pop=1537
[seed 20264] t=3001s/3600s wall=5162s pop=1537
[seed 20264] t=3061s/3600s wall=5259s pop=1537
[seed 20264] t=3121s/3600s wall=5354s pop=1537
[seed 20264] t=3181s/3600s wall=5447s pop=1537
[seed 20264] t=3241s/3600s wall=5540s pop=1537
[seed 20264] t=3301s/3600s wall=5633s pop=1537
[seed 20264] t=3361s/3600s wall=5727s pop=1537
[seed 20264] t=3421s/3600s wall=5822s pop=1537
[seed 20264] t=3481s/3600s wall=5918s pop=1537
[seed 20264] t=3541s/3600s wall=6016s pop=1580
[2/5] seed=20264 done=2026-09-06T08:13:32+02:00
[3/5] seed=28183 start=2026-09-06T08:13:32+02:00
[seed 28183] t=60s/3600s wall=58s pop=1050
[seed 28183] t=120s/3600s wall=112s pop=913
[seed 28183] t=180s/3600s wall=164s pop=913
[seed 28183] t=240s/3600s wall=215s pop=913
[seed 28183] t=300s/3600s wall=268s pop=926
[seed 28183] t=360s/3600s wall=329s pop=1071
[seed 28183] t=420s/3600s wall=402s pop=1282
[seed 28183] t=480s/3600s wall=491s pop=1579
[seed 28183] t=540s/3600s wall=598s pop=1886
[seed 28183] t=600s/3600s wall=719s pop=2130
[seed 28183] t=660s/3600s wall=854s pop=2284
[seed 28183] t=720s/3600s wall=998s pop=2315
[seed 28183] t=780s/3600s wall=1131s pop=2322
[seed 28183] t=840s/3600s wall=1262s pop=2322
[seed 28183] t=900s/3600s wall=1386s pop=2322
[seed 28183] t=960s/3600s wall=1499s pop=2019
[seed 28183] t=1020s/3600s wall=1601s pop=1755
[seed 28183] t=1080s/3600s wall=1696s pop=1755
[seed 28183] t=1140s/3600s wall=1787s pop=1755
[seed 28183] t=1200s/3600s wall=1877s pop=1755
[seed 28183] t=1260s/3600s wall=1966s pop=1755
[seed 28183] t=1320s/3600s wall=2056s pop=1755
[seed 28183] t=1380s/3600s wall=2145s pop=1755
[seed 28183] t=1440s/3600s wall=2236s pop=1755
[seed 28183] t=1500s/3600s wall=2327s pop=1755
[seed 28183] t=1560s/3600s wall=2420s pop=1755
[seed 28183] t=1620s/3600s wall=2514s pop=1755
[seed 28183] t=1680s/3600s wall=2609s pop=1755
[seed 28183] t=1740s/3600s wall=2705s pop=1755
[seed 28183] t=1800s/3600s wall=2802s pop=1772
[seed 28183] t=1860s/3600s wall=2902s pop=1795
[seed 28183] t=1920s/3600s wall=3004s pop=1806
[seed 28183] t=1981s/3600s wall=3105s pop=1808
[seed 28183] t=2041s/3600s wall=3207s pop=1810
[seed 28183] t=2101s/3600s wall=3308s pop=1810
[seed 28183] t=2161s/3600s wall=3408s pop=1810
[seed 28183] t=2221s/3600s wall=3509s pop=1810
[seed 28183] t=2281s/3600s wall=3609s pop=1810
[seed 28183] t=2341s/3600s wall=3708s pop=1810
[seed 28183] t=2401s/3600s wall=3805s pop=1810
[seed 28183] t=2461s/3600s wall=3901s pop=1810
[seed 28183] t=2521s/3600s wall=3996s pop=1810
[seed 28183] t=2581s/3600s wall=4091s pop=1810
[seed 28183] t=2641s/3600s wall=4185s pop=1810
[seed 28183] t=2701s/3600s wall=4277s pop=1810
[seed 28183] t=2761s/3600s wall=4368s pop=1573
[seed 28183] t=2821s/3600s wall=4458s pop=1573
[seed 28183] t=2881s/3600s wall=4547s pop=1573
[seed 28183] t=2941s/3600s wall=4635s pop=1573
[seed 28183] t=3001s/3600s wall=4721s pop=1573
[seed 28183] t=3061s/3600s wall=4807s pop=1573
[seed 28183] t=3121s/3600s wall=4891s pop=1573
[seed 28183] t=3181s/3600s wall=4976s pop=1573
[seed 28183] t=3241s/3600s wall=5060s pop=1573
[seed 28183] t=3301s/3600s wall=5145s pop=1573
[seed 28183] t=3361s/3600s wall=5230s pop=1573
[seed 28183] t=3421s/3600s wall=5317s pop=1598
[seed 28183] t=3481s/3600s wall=5407s pop=1640
[seed 28183] t=3541s/3600s wall=5499s pop=1709
[3/5] seed=28183 done=2026-09-06T09:46:47+02:00
[4/5] seed=36102 start=2026-09-06T09:46:47+02:00
[seed 36102] t=60s/3600s wall=52s pop=913
[seed 36102] t=120s/3600s wall=98s pop=913
[seed 36102] t=180s/3600s wall=143s pop=913
[seed 36102] t=240s/3600s wall=187s pop=913
[seed 36102] t=300s/3600s wall=233s pop=913
[seed 36102] t=360s/3600s wall=284s pop=1013
[seed 36102] t=420s/3600s wall=346s pop=1207
[seed 36102] t=480s/3600s wall=421s pop=1443
[seed 36102] t=540s/3600s wall=510s pop=1721
[seed 36102] t=600s/3600s wall=613s pop=1983
[seed 36102] t=660s/3600s wall=730s pop=2172
[seed 36102] t=720s/3600s wall=857s pop=2269
[seed 36102] t=780s/3600s wall=987s pop=2298
[seed 36102] t=840s/3600s wall=1119s pop=2298
[seed 36102] t=900s/3600s wall=1247s pop=2298
[seed 36102] t=960s/3600s wall=1366s pop=1998
[seed 36102] t=1020s/3600s wall=1474s pop=1998
[seed 36102] t=1080s/3600s wall=1572s pop=1737
[seed 36102] t=1140s/3600s wall=1665s pop=1737
[seed 36102] t=1200s/3600s wall=1756s pop=1737
[seed 36102] t=1260s/3600s wall=1846s pop=1737
[seed 36102] t=1320s/3600s wall=1935s pop=1737
[seed 36102] t=1380s/3600s wall=2025s pop=1737
[seed 36102] t=1440s/3600s wall=2115s pop=1737
[seed 36102] t=1500s/3600s wall=2205s pop=1737
[seed 36102] t=1560s/3600s wall=2295s pop=1737
[seed 36102] t=1620s/3600s wall=2387s pop=1737
[seed 36102] t=1680s/3600s wall=2482s pop=1737
[seed 36102] t=1740s/3600s wall=2578s pop=1737
[seed 36102] t=1800s/3600s wall=2674s pop=1756
[seed 36102] t=1860s/3600s wall=2773s pop=1771
[seed 36102] t=1920s/3600s wall=2874s pop=1787
[seed 36102] t=1981s/3600s wall=2975s pop=1794
[seed 36102] t=2041s/3600s wall=3076s pop=1794
[seed 36102] t=2101s/3600s wall=3177s pop=1794
[seed 36102] t=2161s/3600s wall=3278s pop=1794
[seed 36102] t=2221s/3600s wall=3378s pop=1794
[seed 36102] t=2281s/3600s wall=3475s pop=1794
[seed 36102] t=2341s/3600s wall=3572s pop=1794
[seed 36102] t=2401s/3600s wall=3667s pop=1794
[seed 36102] t=2461s/3600s wall=3762s pop=1794
[seed 36102] t=2521s/3600s wall=3855s pop=1794
[seed 36102] t=2581s/3600s wall=3946s pop=1794
[seed 36102] t=2641s/3600s wall=4037s pop=1560
[seed 36102] t=2701s/3600s wall=4126s pop=1560
[seed 36102] t=2761s/3600s wall=4212s pop=1560
[seed 36102] t=2821s/3600s wall=4301s pop=1560
[seed 36102] t=2881s/3600s wall=4387s pop=1560
[seed 36102] t=2941s/3600s wall=4474s pop=1560
[seed 36102] t=3001s/3600s wall=4558s pop=1560
[seed 36102] t=3061s/3600s wall=4643s pop=1560
[seed 36102] t=3121s/3600s wall=4727s pop=1560
[seed 36102] t=3181s/3600s wall=4811s pop=1560
[seed 36102] t=3241s/3600s wall=4895s pop=1560
[seed 36102] t=3301s/3600s wall=4981s pop=1560
[seed 36102] t=3361s/3600s wall=5069s pop=1560
[seed 36102] t=3421s/3600s wall=5157s pop=1579
[seed 36102] t=3481s/3600s wall=5245s pop=1598
[seed 36102] t=3541s/3600s wall=5334s pop=1624
[4/5] seed=36102 done=2026-09-06T11:17:12+02:00
[5/5] seed=44021 start=2026-09-06T11:17:12+02:00
[seed 44021] t=60s/3600s wall=52s pop=913
[seed 44021] t=120s/3600s wall=99s pop=913
[seed 44021] t=180s/3600s wall=144s pop=913
[seed 44021] t=240s/3600s wall=188s pop=913
[seed 44021] t=300s/3600s wall=233s pop=913
[seed 44021] t=360s/3600s wall=282s pop=1001
[seed 44021] t=420s/3600s wall=342s pop=1175
[seed 44021] t=480s/3600s wall=414s pop=1417
[seed 44021] t=540s/3600s wall=499s pop=1690
[seed 44021] t=600s/3600s wall=599s pop=1972
[seed 44021] t=660s/3600s wall=713s pop=2168
[seed 44021] t=720s/3600s wall=836s pop=2265
[seed 44021] t=780s/3600s wall=964s pop=2294
[seed 44021] t=840s/3600s wall=1093s pop=2294
[seed 44021] t=900s/3600s wall=1220s pop=2294
[seed 44021] t=960s/3600s wall=1340s pop=2294
[seed 44021] t=1020s/3600s wall=1450s pop=1994
[seed 44021] t=1080s/3600s wall=1550s pop=1733
[seed 44021] t=1140s/3600s wall=1643s pop=1733
[seed 44021] t=1200s/3600s wall=1734s pop=1733
[seed 44021] t=1260s/3600s wall=1823s pop=1733
[seed 44021] t=1320s/3600s wall=1912s pop=1733
[seed 44021] t=1380s/3600s wall=1999s pop=1733
[seed 44021] t=1440s/3600s wall=2087s pop=1733
[seed 44021] t=1500s/3600s wall=2176s pop=1733
[seed 44021] t=1560s/3600s wall=2265s pop=1733
[seed 44021] t=1620s/3600s wall=2355s pop=1733
[seed 44021] t=1680s/3600s wall=2446s pop=1733
[seed 44021] t=1740s/3600s wall=2541s pop=1733
[seed 44021] t=1800s/3600s wall=2638s pop=1750
[seed 44021] t=1860s/3600s wall=2735s pop=1770
[seed 44021] t=1920s/3600s wall=2833s pop=1787
[seed 44021] t=1981s/3600s wall=2933s pop=1795
[seed 44021] t=2041s/3600s wall=3032s pop=1795
[seed 44021] t=2101s/3600s wall=3131s pop=1795
[seed 44021] t=2161s/3600s wall=3229s pop=1795
[seed 44021] t=2221s/3600s wall=3327s pop=1795
[seed 44021] t=2281s/3600s wall=3425s pop=1795
[seed 44021] t=2341s/3600s wall=3521s pop=1795
[seed 44021] t=2401s/3600s wall=3615s pop=1795
[seed 44021] t=2461s/3600s wall=3707s pop=1795
[seed 44021] t=2521s/3600s wall=3802s pop=1795
[seed 44021] t=2581s/3600s wall=3892s pop=1795
[seed 44021] t=2641s/3600s wall=3982s pop=1795
[seed 44021] t=2701s/3600s wall=4071s pop=1795
[seed 44021] t=2761s/3600s wall=4160s pop=1560
[seed 44021] t=2821s/3600s wall=4247s pop=1560
[seed 44021] t=2881s/3600s wall=4333s pop=1560
[seed 44021] t=2941s/3600s wall=4419s pop=1560
[seed 44021] t=3001s/3600s wall=4504s pop=1560
[seed 44021] t=3061s/3600s wall=4589s pop=1560
[seed 44021] t=3121s/3600s wall=4671s pop=1560
[seed 44021] t=3181s/3600s wall=4751s pop=1560
[seed 44021] t=3241s/3600s wall=4831s pop=1560
[seed 44021] t=3301s/3600s wall=4912s pop=1560
[seed 44021] t=3361s/3600s wall=4993s pop=1560
[seed 44021] t=3421s/3600s wall=5075s pop=1560
[seed 44021] t=3481s/3600s wall=5170s pop=1578
[seed 44021] t=3541s/3600s wall=5272s pop=1625
[5/5] seed=44021 done=2026-09-06T12:46:50+02:00
=== Batch OFF 5x60m finished 2026-09-06T12:46:50+02:00 ===
