=== Batch 5x30m task_919 corte2 (HEAD 96d1893) 2026-09-04T04:15:50+02:00 ===
[1/5] seed=12345 start=2026-09-04T04:15:50+02:00
[seed 12345] t=60s/1800s wall=55s pop=913
[seed 12345] t=120s/1800s wall=105s pop=913
[seed 12345] t=180s/1800s wall=153s pop=913
[seed 12345] t=240s/1800s wall=199s pop=913
[seed 12345] t=300s/1800s wall=248s pop=913
[seed 12345] t=360s/1800s wall=302s pop=1021
[seed 12345] t=420s/1800s wall=367s pop=1205
[seed 12345] t=480s/1800s wall=445s pop=1451
[seed 12345] t=540s/1800s wall=537s pop=1739
[seed 12345] t=600s/1800s wall=645s pop=1998
[seed 12345] t=660s/1800s wall=766s pop=2179
[seed 12345] t=720s/1800s wall=899s pop=2268
[seed 12345] t=780s/1800s wall=1036s pop=2297
[seed 12345] t=840s/1800s wall=1173s pop=2300
[seed 12345] t=900s/1800s wall=1310s pop=2300
[seed 12345] t=960s/1800s wall=1437s pop=2300
[seed 12345] t=1020s/1800s wall=1553s pop=2000
[seed 12345] t=1080s/1800s wall=1660s pop=1739
[seed 12345] t=1140s/1800s wall=1762s pop=1739
[seed 12345] t=1200s/1800s wall=1861s pop=1739
[seed 12345] t=1260s/1800s wall=1960s pop=1739
[seed 12345] t=1320s/1800s wall=2057s pop=1739
[seed 12345] t=1380s/1800s wall=2155s pop=1739
[seed 12345] t=1440s/1800s wall=2252s pop=1739
[seed 12345] t=1500s/1800s wall=2349s pop=1739
[seed 12345] t=1560s/1800s wall=2447s pop=1739
[seed 12345] t=1620s/1800s wall=2546s pop=1739
[seed 12345] t=1680s/1800s wall=2647s pop=1739
[seed 12345] t=1740s/1800s wall=2748s pop=1739
[1/5] seed=12345 done=2026-09-04T05:03:22+02:00
[2/5] seed=20264 start=2026-09-04T05:03:22+02:00
[seed 20264] t=60s/1800s wall=52s pop=913
[seed 20264] t=120s/1800s wall=100s pop=913
[seed 20264] t=180s/1800s wall=145s pop=913
[seed 20264] t=240s/1800s wall=190s pop=913
[seed 20264] t=300s/1800s wall=236s pop=913
[seed 20264] t=360s/1800s wall=287s pop=968
[seed 20264] t=420s/1800s wall=345s pop=1138
[seed 20264] t=480s/1800s wall=416s pop=1363
[seed 20264] t=540s/1800s wall=499s pop=1614
[seed 20264] t=600s/1800s wall=596s pop=1846
[seed 20264] t=660s/1800s wall=706s pop=2059
[seed 20264] t=720s/1800s wall=827s pop=2174
[seed 20264] t=780s/1800s wall=952s pop=2223
[seed 20264] t=840s/1800s wall=1080s pop=2229
[seed 20264] t=900s/1800s wall=1209s pop=2229
[seed 20264] t=960s/1800s wall=1331s pop=2229
[seed 20264] t=1020s/1800s wall=1443s pop=1938
[seed 20264] t=1080s/1800s wall=1545s pop=1938
[seed 20264] t=1140s/1800s wall=1641s pop=1685
[seed 20264] t=1200s/1800s wall=1734s pop=1685
[seed 20264] t=1260s/1800s wall=1825s pop=1685
[seed 20264] t=1320s/1800s wall=1914s pop=1685
[seed 20264] t=1380s/1800s wall=2005s pop=1685
[seed 20264] t=1440s/1800s wall=2095s pop=1685
[seed 20264] t=1500s/1800s wall=2186s pop=1685
[seed 20264] t=1560s/1800s wall=2277s pop=1685
[seed 20264] t=1620s/1800s wall=2370s pop=1685
[seed 20264] t=1680s/1800s wall=2463s pop=1685
[seed 20264] t=1740s/1800s wall=2558s pop=1703
[2/5] seed=20264 done=2026-09-04T05:47:36+02:00
[3/5] seed=28183 start=2026-09-04T05:47:36+02:00
[seed 28183] t=60s/1800s wall=52s pop=1050
[seed 28183] t=120s/1800s wall=101s pop=913
[seed 28183] t=180s/1800s wall=147s pop=913
[seed 28183] t=240s/1800s wall=193s pop=913
[seed 28183] t=300s/1800s wall=240s pop=926
[seed 28183] t=360s/1800s wall=294s pop=1071
[seed 28183] t=420s/1800s wall=359s pop=1282
[seed 28183] t=480s/1800s wall=437s pop=1579
[seed 28183] t=540s/1800s wall=532s pop=1886
[seed 28183] t=600s/1800s wall=640s pop=2130
[seed 28183] t=660s/1800s wall=761s pop=2284
[seed 28183] t=720s/1800s wall=888s pop=2315
[seed 28183] t=780s/1800s wall=1018s pop=2322
[seed 28183] t=840s/1800s wall=1148s pop=2322
[seed 28183] t=900s/1800s wall=1272s pop=2322
[seed 28183] t=960s/1800s wall=1386s pop=2019
[seed 28183] t=1020s/1800s wall=1488s pop=1755
[seed 28183] t=1080s/1800s wall=1583s pop=1755
[seed 28183] t=1140s/1800s wall=1674s pop=1755
[seed 28183] t=1200s/1800s wall=1762s pop=1755
[seed 28183] t=1260s/1800s wall=1851s pop=1755
[seed 28183] t=1320s/1800s wall=1943s pop=1755
[seed 28183] t=1380s/1800s wall=2031s pop=1755
[seed 28183] t=1440s/1800s wall=2120s pop=1755
[seed 28183] t=1500s/1800s wall=2210s pop=1755
[seed 28183] t=1560s/1800s wall=2301s pop=1755
[seed 28183] t=1620s/1800s wall=2393s pop=1755
[seed 28183] t=1680s/1800s wall=2487s pop=1755
[seed 28183] t=1740s/1800s wall=2582s pop=1755
[3/5] seed=28183 done=2026-09-04T06:32:16+02:00
[4/5] seed=36102 start=2026-09-04T06:32:16+02:00
[seed 36102] t=60s/1800s wall=52s pop=913
[seed 36102] t=120s/1800s wall=98s pop=913
[seed 36102] t=180s/1800s wall=142s pop=913
[seed 36102] t=240s/1800s wall=186s pop=913
[seed 36102] t=300s/1800s wall=232s pop=913
[seed 36102] t=360s/1800s wall=285s pop=1013
[seed 36102] t=420s/1800s wall=348s pop=1207
[seed 36102] t=480s/1800s wall=424s pop=1443
[seed 36102] t=540s/1800s wall=515s pop=1721
[seed 36102] t=600s/1800s wall=620s pop=1983
[seed 36102] t=660s/1800s wall=737s pop=2172
[seed 36102] t=720s/1800s wall=862s pop=2269
[seed 36102] t=780s/1800s wall=991s pop=2298
[seed 36102] t=840s/1800s wall=1122s pop=2298
[seed 36102] t=900s/1800s wall=1248s pop=2298
[seed 36102] t=960s/1800s wall=1366s pop=1998
[seed 36102] t=1020s/1800s wall=1474s pop=1998
[seed 36102] t=1080s/1800s wall=1572s pop=1737
[seed 36102] t=1140s/1800s wall=1666s pop=1737
[seed 36102] t=1200s/1800s wall=1758s pop=1737
[seed 36102] t=1260s/1800s wall=1848s pop=1737
[seed 36102] t=1320s/1800s wall=1938s pop=1737
[seed 36102] t=1380s/1800s wall=2028s pop=1737
[seed 36102] t=1440s/1800s wall=2118s pop=1737
[seed 36102] t=1500s/1800s wall=2209s pop=1737
[seed 36102] t=1560s/1800s wall=2300s pop=1737
[seed 36102] t=1620s/1800s wall=2393s pop=1737
[seed 36102] t=1680s/1800s wall=2487s pop=1737
[seed 36102] t=1740s/1800s wall=2584s pop=1737
[4/5] seed=36102 done=2026-09-04T07:16:59+02:00
[5/5] seed=44021 start=2026-09-04T07:16:59+02:00
[seed 44021] t=60s/1800s wall=52s pop=913
[seed 44021] t=120s/1800s wall=98s pop=913
[seed 44021] t=180s/1800s wall=143s pop=913
[seed 44021] t=240s/1800s wall=187s pop=913
[seed 44021] t=300s/1800s wall=233s pop=913
[seed 44021] t=360s/1800s wall=284s pop=1001
[seed 44021] t=420s/1800s wall=345s pop=1175
[seed 44021] t=480s/1800s wall=419s pop=1417
[seed 44021] t=540s/1800s wall=506s pop=1690
[seed 44021] t=600s/1800s wall=609s pop=1972
[seed 44021] t=660s/1800s wall=725s pop=2168
[seed 44021] t=720s/1800s wall=850s pop=2265
[seed 44021] t=780s/1800s wall=979s pop=2294
[seed 44021] t=840s/1800s wall=1110s pop=2294
[seed 44021] t=900s/1800s wall=1240s pop=2294
[seed 44021] t=960s/1800s wall=1362s pop=2294
[seed 44021] t=1020s/1800s wall=1475s pop=1994
[seed 44021] t=1080s/1800s wall=1577s pop=1733
[seed 44021] t=1140s/1800s wall=1671s pop=1733
[seed 44021] t=1200s/1800s wall=1761s pop=1733
[seed 44021] t=1260s/1800s wall=1850s pop=1733
[seed 44021] t=1320s/1800s wall=1939s pop=1733
[seed 44021] t=1380s/1800s wall=2027s pop=1733
[seed 44021] t=1440s/1800s wall=2115s pop=1733
[seed 44021] t=1500s/1800s wall=2203s pop=1733
[seed 44021] t=1560s/1800s wall=2293s pop=1733
[seed 44021] t=1620s/1800s wall=2383s pop=1733
[seed 44021] t=1680s/1800s wall=2476s pop=1733
[seed 44021] t=1740s/1800s wall=2570s pop=1733
[5/5] seed=44021 done=2026-09-04T08:01:26+02:00
=== batch done 2026-09-04T08:01:26+02:00 ===
