=== ON 5x60m (HEAD b8cba8a) started 2026-09-07T03:18:09+02:00 ===
[1/5] seed=12345 start=2026-09-07T03:18:09+02:00
[seed 12345] t=60s/3600s wall=66s pop=913
[seed 12345] t=120s/3600s wall=125s pop=913
[seed 12345] t=180s/3600s wall=181s pop=913
[seed 12345] t=240s/3600s wall=234s pop=913
[seed 12345] t=300s/3600s wall=289s pop=913
[seed 12345] t=360s/3600s wall=344s pop=913
[seed 12345] t=420s/3600s wall=404s pop=924
[seed 12345] t=480s/3600s wall=468s pop=989
[seed 12345] t=540s/3600s wall=536s pop=1064
[seed 12345] t=600s/3600s wall=612s pop=1171
[seed 12345] t=660s/3600s wall=694s pop=1280
[seed 12345] t=720s/3600s wall=787s pop=1399
[seed 12345] t=780s/3600s wall=886s pop=1530
[seed 12345] t=840s/3600s wall=990s pop=1647
[seed 12345] t=900s/3600s wall=1105s pop=1748
[seed 12345] t=960s/3600s wall=1226s pop=1837
[seed 12345] t=1020s/3600s wall=1354s pop=1920
[seed 12345] t=1080s/3600s wall=1488s pop=1976
[seed 12345] t=1140s/3600s wall=1625s pop=2002
[seed 12345] t=1200s/3600s wall=1764s pop=2013
[seed 12345] t=1260s/3600s wall=1903s pop=2017
[seed 12345] t=1320s/3600s wall=2043s pop=2017
[seed 12345] t=1380s/3600s wall=2183s pop=2017
[seed 12345] t=1440s/3600s wall=2321s pop=2017
[seed 12345] t=1500s/3600s wall=2454s pop=2017
[seed 12345] t=1560s/3600s wall=2589s pop=2017
[seed 12345] t=1620s/3600s wall=2720s pop=2017
[seed 12345] t=1680s/3600s wall=2850s pop=2017
[seed 12345] t=1740s/3600s wall=2976s pop=2017
[seed 12345] t=1800s/3600s wall=3103s pop=2017
[seed 12345] t=1860s/3600s wall=3230s pop=2017
[seed 12345] t=1920s/3600s wall=3355s pop=2017
[seed 12345] t=1981s/3600s wall=3481s pop=2017
[seed 12345] t=2041s/3600s wall=3610s pop=2017
[seed 12345] t=2101s/3600s wall=3733s pop=2017
[seed 12345] t=2161s/3600s wall=3858s pop=2017
[seed 12345] t=2221s/3600s wall=3980s pop=2017
[seed 12345] t=2281s/3600s wall=4103s pop=2017
[seed 12345] t=2341s/3600s wall=4226s pop=1753
[seed 12345] t=2401s/3600s wall=4349s pop=1753
[seed 12345] t=2461s/3600s wall=4471s pop=1753
[seed 12345] t=2521s/3600s wall=4592s pop=1753
[seed 12345] t=2581s/3600s wall=4709s pop=1753
[seed 12345] t=2641s/3600s wall=4826s pop=1753
[seed 12345] t=2701s/3600s wall=4943s pop=1753
[seed 12345] t=2761s/3600s wall=5058s pop=1753
[seed 12345] t=2821s/3600s wall=5173s pop=1753
[seed 12345] t=2881s/3600s wall=5287s pop=1753
[seed 12345] t=2941s/3600s wall=5399s pop=1753
[seed 12345] t=3001s/3600s wall=5509s pop=1753
[seed 12345] t=3061s/3600s wall=5618s pop=1753
[seed 12345] t=3121s/3600s wall=5724s pop=1524
[seed 12345] t=3181s/3600s wall=5827s pop=1524
[seed 12345] t=3241s/3600s wall=5930s pop=1524
[seed 12345] t=3301s/3600s wall=6030s pop=1524
[seed 12345] t=3361s/3600s wall=6129s pop=1524
[seed 12345] t=3421s/3600s wall=6230s pop=1524
[seed 12345] t=3481s/3600s wall=6328s pop=1524
[seed 12345] t=3541s/3600s wall=6424s pop=1524
[1/5] seed=12345 done=2026-09-07T05:06:51+02:00
[2/5] seed=20264 start=2026-09-07T05:06:51+02:00
[seed 20264] t=60s/3600s wall=62s pop=913
[seed 20264] t=120s/3600s wall=118s pop=913
[seed 20264] t=180s/3600s wall=171s pop=913
[seed 20264] t=240s/3600s wall=224s pop=913
[seed 20264] t=300s/3600s wall=275s pop=913
[seed 20264] t=360s/3600s wall=329s pop=913
[seed 20264] t=420s/3600s wall=384s pop=913
[seed 20264] t=480s/3600s wall=443s pop=934
[seed 20264] t=540s/3600s wall=508s pop=1010
[seed 20264] t=600s/3600s wall=576s pop=1091
[seed 20264] t=660s/3600s wall=651s pop=1187
[seed 20264] t=720s/3600s wall=731s pop=1284
[seed 20264] t=780s/3600s wall=817s pop=1396
[seed 20264] t=840s/3600s wall=909s pop=1498
[seed 20264] t=900s/3600s wall=1010s pop=1614
[seed 20264] t=960s/3600s wall=1117s pop=1710
[seed 20264] t=1020s/3600s wall=1230s pop=1790
[seed 20264] t=1080s/3600s wall=1346s pop=1853
[seed 20264] t=1140s/3600s wall=1469s pop=1895
[seed 20264] t=1200s/3600s wall=1594s pop=1923
[seed 20264] t=1260s/3600s wall=1722s pop=1941
[seed 20264] t=1320s/3600s wall=1850s pop=1949
[seed 20264] t=1380s/3600s wall=1977s pop=1949
[seed 20264] t=1440s/3600s wall=2107s pop=1949
[seed 20264] t=1500s/3600s wall=2236s pop=1949
[seed 20264] t=1560s/3600s wall=2367s pop=1949
[seed 20264] t=1620s/3600s wall=2492s pop=1949
[seed 20264] t=1680s/3600s wall=2612s pop=1949
[seed 20264] t=1740s/3600s wall=2732s pop=1949
[seed 20264] t=1800s/3600s wall=2851s pop=1949
[seed 20264] t=1860s/3600s wall=2969s pop=1949
[seed 20264] t=1920s/3600s wall=3086s pop=1949
[seed 20264] t=1981s/3600s wall=3202s pop=1949
[seed 20264] t=2041s/3600s wall=3320s pop=1949
[seed 20264] t=2101s/3600s wall=3436s pop=1949
[seed 20264] t=2161s/3600s wall=3555s pop=1949
[seed 20264] t=2221s/3600s wall=3671s pop=1949
[seed 20264] t=2281s/3600s wall=3789s pop=1949
[seed 20264] t=2341s/3600s wall=3907s pop=1949
[seed 20264] t=2401s/3600s wall=4024s pop=1949
[seed 20264] t=2461s/3600s wall=4140s pop=1694
[seed 20264] t=2521s/3600s wall=4252s pop=1694
[seed 20264] t=2581s/3600s wall=4362s pop=1694
[seed 20264] t=2641s/3600s wall=4473s pop=1694
[seed 20264] t=2701s/3600s wall=4581s pop=1694
[seed 20264] t=2761s/3600s wall=4690s pop=1694
[seed 20264] t=2821s/3600s wall=4797s pop=1694
[seed 20264] t=2881s/3600s wall=4902s pop=1694
[seed 20264] t=2941s/3600s wall=5008s pop=1694
[seed 20264] t=3001s/3600s wall=5112s pop=1694
[seed 20264] t=3061s/3600s wall=5216s pop=1694
[seed 20264] t=3121s/3600s wall=5317s pop=1694
[seed 20264] t=3181s/3600s wall=5415s pop=1473
[seed 20264] t=3241s/3600s wall=5509s pop=1473
[seed 20264] t=3301s/3600s wall=5600s pop=1473
[seed 20264] t=3361s/3600s wall=5691s pop=1473
[seed 20264] t=3421s/3600s wall=5781s pop=1473
[seed 20264] t=3481s/3600s wall=5871s pop=1473
[seed 20264] t=3541s/3600s wall=5960s pop=1473
[2/5] seed=20264 done=2026-09-07T06:47:37+02:00
[3/5] seed=28183 start=2026-09-07T06:47:37+02:00
[seed 28183] t=60s/3600s wall=61s pop=913
[seed 28183] t=120s/3600s wall=117s pop=913
[seed 28183] t=180s/3600s wall=171s pop=913
[seed 28183] t=240s/3600s wall=224s pop=913
[seed 28183] t=300s/3600s wall=278s pop=913
[seed 28183] t=360s/3600s wall=333s pop=913
[seed 28183] t=420s/3600s wall=392s pop=944
[seed 28183] t=480s/3600s wall=455s pop=1015
[seed 28183] t=540s/3600s wall=522s pop=1096
[seed 28183] t=600s/3600s wall=596s pop=1193
[seed 28183] t=660s/3600s wall=674s pop=1309
[seed 28183] t=720s/3600s wall=765s pop=1443
[seed 28183] t=780s/3600s wall=861s pop=1559
[seed 28183] t=840s/3600s wall=964s pop=1698
[seed 28183] t=900s/3600s wall=1076s pop=1815
[seed 28183] t=960s/3600s wall=1193s pop=1907
[seed 28183] t=1020s/3600s wall=1317s pop=1981
[seed 28183] t=1080s/3600s wall=1443s pop=2026
[seed 28183] t=1140s/3600s wall=1573s pop=2047
[seed 28183] t=1200s/3600s wall=1704s pop=2051
[seed 28183] t=1260s/3600s wall=1837s pop=2051
[seed 28183] t=1320s/3600s wall=1971s pop=2051
[seed 28183] t=1380s/3600s wall=2102s pop=2051
[seed 28183] t=1440s/3600s wall=2230s pop=2051
[seed 28183] t=1500s/3600s wall=2355s pop=2051
[seed 28183] t=1560s/3600s wall=2478s pop=2051
[seed 28183] t=1620s/3600s wall=2600s pop=2051
[seed 28183] t=1680s/3600s wall=2721s pop=2051
[seed 28183] t=1740s/3600s wall=2842s pop=2051
[seed 28183] t=1800s/3600s wall=2962s pop=2051
[seed 28183] t=1860s/3600s wall=3081s pop=2051
[seed 28183] t=1920s/3600s wall=3199s pop=2051
[seed 28183] t=1981s/3600s wall=3316s pop=2051
[seed 28183] t=2041s/3600s wall=3433s pop=2051
[seed 28183] t=2101s/3600s wall=3550s pop=1786
[seed 28183] t=2161s/3600s wall=3668s pop=1786
[seed 28183] t=2221s/3600s wall=3784s pop=1786
[seed 28183] t=2281s/3600s wall=3901s pop=1786
[seed 28183] t=2341s/3600s wall=4017s pop=1786
[seed 28183] t=2401s/3600s wall=4133s pop=1786
[seed 28183] t=2461s/3600s wall=4248s pop=1786
[seed 28183] t=2521s/3600s wall=4361s pop=1786
[seed 28183] t=2581s/3600s wall=4479s pop=1786
[seed 28183] t=2641s/3600s wall=4594s pop=1786
[seed 28183] t=2701s/3600s wall=4707s pop=1786
[seed 28183] t=2761s/3600s wall=4817s pop=1786
[seed 28183] t=2821s/3600s wall=4927s pop=1786
[seed 28183] t=2881s/3600s wall=5038s pop=1786
[seed 28183] t=2941s/3600s wall=5147s pop=1786
[seed 28183] t=3001s/3600s wall=5253s pop=1786
[seed 28183] t=3061s/3600s wall=5357s pop=1555
[seed 28183] t=3121s/3600s wall=5458s pop=1555
[seed 28183] t=3181s/3600s wall=5558s pop=1555
[seed 28183] t=3241s/3600s wall=5655s pop=1555
[seed 28183] t=3301s/3600s wall=5751s pop=1555
[seed 28183] t=3361s/3600s wall=5848s pop=1555
[seed 28183] t=3421s/3600s wall=5941s pop=1555
[seed 28183] t=3481s/3600s wall=6034s pop=1555
[seed 28183] t=3541s/3600s wall=6126s pop=1555
[3/5] seed=28183 done=2026-09-07T08:31:13+02:00
[4/5] seed=36102 start=2026-09-07T08:31:13+02:00
[seed 36102] t=60s/3600s wall=54s pop=913
[seed 36102] t=120s/3600s wall=104s pop=913
[seed 36102] t=180s/3600s wall=150s pop=913
[seed 36102] t=240s/3600s wall=195s pop=913
[seed 36102] t=300s/3600s wall=240s pop=913
[seed 36102] t=360s/3600s wall=287s pop=913
[seed 36102] t=420s/3600s wall=338s pop=913
[seed 36102] t=480s/3600s wall=389s pop=971
[seed 36102] t=540s/3600s wall=447s pop=1067
[seed 36102] t=600s/3600s wall=511s pop=1166
[seed 36102] t=660s/3600s wall=578s pop=1254
[seed 36102] t=720s/3600s wall=649s pop=1363
[seed 36102] t=780s/3600s wall=727s pop=1482
[seed 36102] t=840s/3600s wall=814s pop=1605
[seed 36102] t=900s/3600s wall=908s pop=1722
[seed 36102] t=960s/3600s wall=1008s pop=1808
[seed 36102] t=1020s/3600s wall=1113s pop=1892
[seed 36102] t=1080s/3600s wall=1222s pop=1947
[seed 36102] t=1140s/3600s wall=1334s pop=1977
[seed 36102] t=1200s/3600s wall=1451s pop=2002
[seed 36102] t=1260s/3600s wall=1568s pop=2003
[seed 36102] t=1320s/3600s wall=1684s pop=2003
[seed 36102] t=1380s/3600s wall=1800s pop=2003
[seed 36102] t=1440s/3600s wall=1913s pop=2003
[seed 36102] t=1500s/3600s wall=2021s pop=2003
[seed 36102] t=1560s/3600s wall=2128s pop=2003
[seed 36102] t=1620s/3600s wall=2233s pop=2003
[seed 36102] t=1680s/3600s wall=2337s pop=2003
[seed 36102] t=1740s/3600s wall=2439s pop=2003
[seed 36102] t=1800s/3600s wall=2543s pop=2003
[seed 36102] t=1860s/3600s wall=2645s pop=2003
[seed 36102] t=1920s/3600s wall=2747s pop=2003
[seed 36102] t=1981s/3600s wall=2849s pop=2003
[seed 36102] t=2041s/3600s wall=2949s pop=2003
[seed 36102] t=2101s/3600s wall=3051s pop=2003
[seed 36102] t=2161s/3600s wall=3152s pop=2003
[seed 36102] t=2221s/3600s wall=3254s pop=2003
[seed 36102] t=2281s/3600s wall=3357s pop=2003
[seed 36102] t=2341s/3600s wall=3458s pop=1746
[seed 36102] t=2401s/3600s wall=3559s pop=1746
[seed 36102] t=2461s/3600s wall=3661s pop=1746
[seed 36102] t=2521s/3600s wall=3761s pop=1746
[seed 36102] t=2581s/3600s wall=3859s pop=1746
[seed 36102] t=2641s/3600s wall=3956s pop=1746
[seed 36102] t=2701s/3600s wall=4052s pop=1746
[seed 36102] t=2761s/3600s wall=4146s pop=1746
[seed 36102] t=2821s/3600s wall=4241s pop=1746
[seed 36102] t=2881s/3600s wall=4335s pop=1746
[seed 36102] t=2941s/3600s wall=4428s pop=1746
[seed 36102] t=3001s/3600s wall=4519s pop=1746
[seed 36102] t=3061s/3600s wall=4612s pop=1746
[seed 36102] t=3121s/3600s wall=4704s pop=1746
[seed 36102] t=3181s/3600s wall=4792s pop=1746
[seed 36102] t=3241s/3600s wall=4881s pop=1525
[seed 36102] t=3301s/3600s wall=4968s pop=1525
[seed 36102] t=3361s/3600s wall=5053s pop=1525
[seed 36102] t=3421s/3600s wall=5137s pop=1525
[seed 36102] t=3481s/3600s wall=5220s pop=1525
[seed 36102] t=3541s/3600s wall=5302s pop=1525
[4/5] seed=36102 done=2026-09-07T10:00:57+02:00
[5/5] seed=44021 start=2026-09-07T10:00:57+02:00
[seed 44021] t=60s/3600s wall=51s pop=913
[seed 44021] t=120s/3600s wall=99s pop=913
[seed 44021] t=180s/3600s wall=145s pop=913
[seed 44021] t=240s/3600s wall=189s pop=913
[seed 44021] t=300s/3600s wall=233s pop=913
[seed 44021] t=360s/3600s wall=278s pop=913
[seed 44021] t=420s/3600s wall=325s pop=913
[seed 44021] t=480s/3600s wall=377s pop=957
[seed 44021] t=540s/3600s wall=431s pop=1034
[seed 44021] t=600s/3600s wall=489s pop=1121
[seed 44021] t=660s/3600s wall=553s pop=1207
[seed 44021] t=720s/3600s wall=623s pop=1328
[seed 44021] t=780s/3600s wall=699s pop=1455
[seed 44021] t=840s/3600s wall=782s pop=1571
[seed 44021] t=900s/3600s wall=873s pop=1674
[seed 44021] t=960s/3600s wall=980s pop=1778
[seed 44021] t=1020s/3600s wall=1099s pop=1866
[seed 44021] t=1080s/3600s wall=1224s pop=1927
[seed 44021] t=1140s/3600s wall=1350s pop=1965
[seed 44021] t=1200s/3600s wall=1479s pop=1983
[seed 44021] t=1260s/3600s wall=1609s pop=1990
[seed 44021] t=1320s/3600s wall=1741s pop=1993
[seed 44021] t=1380s/3600s wall=1870s pop=1993
[seed 44021] t=1440s/3600s wall=1998s pop=1993
[seed 44021] t=1500s/3600s wall=2125s pop=1993
[seed 44021] t=1560s/3600s wall=2250s pop=1993
[seed 44021] t=1620s/3600s wall=2372s pop=1993
[seed 44021] t=1680s/3600s wall=2491s pop=1993
[seed 44021] t=1740s/3600s wall=2612s pop=1993
[seed 44021] t=1800s/3600s wall=2731s pop=1993
[seed 44021] t=1860s/3600s wall=2850s pop=1993
[seed 44021] t=1920s/3600s wall=2967s pop=1993
[seed 44021] t=1981s/3600s wall=3087s pop=1993
[seed 44021] t=2041s/3600s wall=3206s pop=1993
[seed 44021] t=2101s/3600s wall=3324s pop=1993
[seed 44021] t=2161s/3600s wall=3442s pop=1993
[seed 44021] t=2221s/3600s wall=3559s pop=1993
[seed 44021] t=2281s/3600s wall=3677s pop=1993
[seed 44021] t=2341s/3600s wall=3795s pop=1993
[seed 44021] t=2401s/3600s wall=3911s pop=1733
[seed 44021] t=2461s/3600s wall=4027s pop=1733
[seed 44021] t=2521s/3600s wall=4142s pop=1733
[seed 44021] t=2581s/3600s wall=4255s pop=1733
[seed 44021] t=2641s/3600s wall=4370s pop=1733
[seed 44021] t=2701s/3600s wall=4483s pop=1733
[seed 44021] t=2761s/3600s wall=4594s pop=1733
[seed 44021] t=2821s/3600s wall=4704s pop=1733
[seed 44021] t=2881s/3600s wall=4811s pop=1733
[seed 44021] t=2941s/3600s wall=4918s pop=1733
[seed 44021] t=3001s/3600s wall=5025s pop=1733
[seed 44021] t=3061s/3600s wall=5130s pop=1733
[seed 44021] t=3121s/3600s wall=5234s pop=1733
[seed 44021] t=3181s/3600s wall=5338s pop=1733
[seed 44021] t=3241s/3600s wall=5441s pop=1733
[seed 44021] t=3301s/3600s wall=5542s pop=1506
[seed 44021] t=3361s/3600s wall=5641s pop=1506
[seed 44021] t=3421s/3600s wall=5739s pop=1506
[seed 44021] t=3481s/3600s wall=5834s pop=1506
[seed 44021] t=3541s/3600s wall=5929s pop=1506
[5/5] seed=44021 done=2026-09-07T11:41:21+02:00
=== ON 5x60m finished 2026-09-07T11:41:21+02:00 ===
